gpl.cpp::main()
  input file(tests/t310.gpl)
  random seed(42)
  read_keypresses_from_standard_input(false)
  dump_pixels(false)
  symbol_table(true)
  graphics(true)

gpl.cpp::main() Calling yyparse()


gpl.cpp::main() after call to yyparse().


Printing the symbol table from main()
int animation_steps = 0
circle ball
{
    animation_block = bounce,
    blue = double(1),
    drawing_order = int(0),
    green = double(0),
    h = int(20),
    proximity = int(4),
    radius = int(10),
    red = double(0),
    user_double = double(0),
    user_double2 = double(0),
    user_double3 = double(0),
    user_double4 = double(0),
    user_double5 = double(0),
    user_int = int(0),
    user_int2 = int(0),
    user_int3 = int(0),
    user_int4 = int(0),
    user_int5 = int(0),
    user_string = string(""),
    user_string2 = string(""),
    user_string3 = string(""),
    user_string4 = string(""),
    user_string5 = string(""),
    visible = int(1),
    w = int(20),
    x = int(100),
    y = int(100)
}
int ball_size = 10
int ball_x_increment = 5
int ball_y_increment = 2
animation_block bounce
circle cur_circle
{
    animation_block = NULL,
    blue = double(1),
    drawing_order = int(0),
    green = double(0),
    h = int(20),
    proximity = int(4),
    radius = int(10),
    red = double(0),
    user_double = double(0),
    user_double2 = double(0),
    user_double3 = double(0),
    user_double4 = double(0),
    user_double5 = double(0),
    user_int = int(0),
    user_int2 = int(0),
    user_int3 = int(0),
    user_int4 = int(0),
    user_int5 = int(0),
    user_string = string(""),
    user_string2 = string(""),
    user_string3 = string(""),
    user_string4 = string(""),
    user_string5 = string(""),
    visible = int(1),
    w = int(20),
    x = int(0),
    y = int(0)
}
circle cur_circle2
{
    animation_block = NULL,
    blue = double(1),
    drawing_order = int(0),
    green = double(0),
    h = int(20),
    proximity = int(4),
    radius = int(10),
    red = double(0),
    user_double = double(0),
    user_double2 = double(0),
    user_double3 = double(0),
    user_double4 = double(0),
    user_double5 = double(0),
    user_int = int(0),
    user_int2 = int(0),
    user_int3 = int(0),
    user_int4 = int(0),
    user_int5 = int(0),
    user_string = string(""),
    user_string2 = string(""),
    user_string3 = string(""),
    user_string4 = string(""),
    user_string5 = string(""),
    visible = int(1),
    w = int(20),
    x = int(0),
    y = int(0)
}
int first_stop = 1
animation_block stop
int window_height = 200
int window_width = 200
gpl.cpp::main() Calling window->initialize().

print[16]: This program should quit on its own.  Your program has a bug if this does not quit on its own.

gpl.cpp::main() Passing control to window->main_loop().
print[37]: this line should only be printed ONCE *********************
print[50]: animation stop(circle cur_circle2) called for first and last time
gpl[51]: exit(42)
print[57]: ball values are correct
