parser.cpp::main() reading standard input.
parser.cpp::main() about to call yyparse()
type zero or more record declarations followed by ^D:

------------------------------------------------------
record George
{

  firstname = 'George' (string)
  lastname = 'Washington' (string)

} 2 fields were declared

1 record was declared.
------------------------------------------------------

parser.cpp::main() after call to yyparse()

no errors found by yyparse()

parser.cpp::main() end of program.
