parser.cpp::main() reading standard input.
parser.cpp::main() about to call yyparse()
type zero or more record declarations followed by ^D:

------------------------------------------------------
record thisisanerror
{

------------------------------------------------------

parser.cpp::main() after call to yyparse()

yyparse() found errors

parser.cpp::main() end of program.
